---
source: crates/orator-axum-codegen/tests/codegen_axum.rs
expression: code
---
#![allow(dead_code, unused_imports, clippy::redundant_field_names)]
impl orator_axum::axum::response::IntoResponse for super::operations::GetItemsResponse {
    fn into_response(self) -> orator_axum::axum::response::Response {
        match self {
            Self::Ok => orator_axum::http::StatusCode::OK.into_response(),
        }
    }
}
impl<S> orator_axum::axum::extract::FromRequestParts<S>
for super::operations::GetItemsHeader
where
    S: Send + Sync,
{
    type Rejection = orator_axum::ParamRejection;
    async fn from_request_parts(
        parts: &mut orator_axum::http::request::Parts,
        _state: &S,
    ) -> Result<Self, Self::Rejection> {
        let headers = &parts.headers;
        Ok(Self {
            x_request_id: headers
                .get("X-Request-ID")
                .ok_or_else(|| orator_axum::ParamRejection::missing(
                    orator_axum::ParamLocation::Header,
                    "X-Request-ID",
                ))?
                .to_str()
                .map_err(|_| orator_axum::ParamRejection::non_ascii(
                    orator_axum::ParamLocation::Header,
                    "X-Request-ID",
                ))?
                .to_owned(),
            x_rate_limit: match headers.get("X-Rate-Limit") {
                Some(v) => {
                    Some(
                        v
                            .to_str()
                            .map_err(|_| orator_axum::ParamRejection::non_ascii(
                                orator_axum::ParamLocation::Header,
                                "X-Rate-Limit",
                            ))?
                            .parse::<i32>()
                            .map_err(|e| orator_axum::ParamRejection::invalid(
                                orator_axum::ParamLocation::Header,
                                "X-Rate-Limit",
                                e,
                            ))?,
                    )
                }
                None => None,
            },
            x_trace_enabled: headers
                .get("X-Trace-Enabled")
                .ok_or_else(|| orator_axum::ParamRejection::missing(
                    orator_axum::ParamLocation::Header,
                    "X-Trace-Enabled",
                ))?
                .to_str()
                .map_err(|_| orator_axum::ParamRejection::non_ascii(
                    orator_axum::ParamLocation::Header,
                    "X-Trace-Enabled",
                ))?
                .parse::<bool>()
                .map_err(|e| orator_axum::ParamRejection::invalid(
                    orator_axum::ParamLocation::Header,
                    "X-Trace-Enabled",
                    e,
                ))?,
        })
    }
}
async fn handle_get_items<T, Ctx>(
    orator_axum::axum::extract::State(
        api,
    ): orator_axum::axum::extract::State<std::sync::Arc<T>>,
    ctx: Ctx,
    header: super::operations::GetItemsHeader,
) -> Result<super::operations::GetItemsResponse, T::Error>
where
    T: super::operations::DefaultApi<Ctx>,
{
    api.get_items(ctx, header).await
}
pub fn header_test_router<T, Ctx>(api: std::sync::Arc<T>) -> orator_axum::axum::Router
where
    T: super::operations::HeaderTestApi<Ctx>,
    T::Error: orator_axum::axum::response::IntoResponse,
    Ctx: orator_axum::axum::extract::FromRequestParts<std::sync::Arc<T>> + Send
        + 'static,
{
    orator_axum::axum::Router::new()
        .route("/items", orator_axum::axum::routing::get(handle_get_items::<T, Ctx>))
        .with_state(api)
}
pub struct Missing;
pub struct Registered;
pub struct HeaderTestRouter(orator_axum::axum::Router);
impl HeaderTestRouter {
    pub fn new<T, Ctx>(api: std::sync::Arc<T>) -> Self
    where
        T: super::operations::HeaderTestApi<Ctx>,
        T::Error: orator_axum::axum::response::IntoResponse,
        Ctx: orator_axum::axum::extract::FromRequestParts<std::sync::Arc<T>> + Send
            + 'static,
    {
        Self(header_test_router(api))
    }
    pub fn layer<L>(self, layer: L) -> Self
    where
        L: orator_axum::tower::Layer<orator_axum::axum::routing::Route> + Clone + Send
            + Sync + 'static,
        L::Service: orator_axum::tower::Service<
                orator_axum::axum::http::Request<orator_axum::axum::body::Body>,
            > + Clone + Send + Sync + 'static,
        <L::Service as orator_axum::tower::Service<
            orator_axum::axum::http::Request<orator_axum::axum::body::Body>,
        >>::Response: orator_axum::axum::response::IntoResponse + 'static,
        <L::Service as orator_axum::tower::Service<
            orator_axum::axum::http::Request<orator_axum::axum::body::Body>,
        >>::Error: Into<std::convert::Infallible> + 'static,
        <L::Service as orator_axum::tower::Service<
            orator_axum::axum::http::Request<orator_axum::axum::body::Body>,
        >>::Future: Send + 'static,
    {
        Self(self.0.layer(layer))
    }
}
pub struct ApiBuilder<HeaderTestState = Missing> {
    router: orator_axum::axum::Router,
    _phantom: std::marker::PhantomData<(HeaderTestState)>,
}
impl ApiBuilder {
    pub fn new() -> Self {
        Self {
            router: orator_axum::axum::Router::new(),
            _phantom: std::marker::PhantomData,
        }
    }
}
impl ApiBuilder<Missing> {
    pub fn header_test(self, router: HeaderTestRouter) -> ApiBuilder<Registered> {
        ApiBuilder {
            router: self.router.merge(router.0),
            _phantom: std::marker::PhantomData,
        }
    }
}
impl ApiBuilder<Registered> {
    pub fn build(self) -> orator_axum::axum::Router {
        self.router
    }
}
