---
source: crates/orator-axum-codegen/tests/codegen_axum.rs
expression: code
---
impl orator_axum::axum::response::IntoResponse for DownloadFileResponse {
    fn into_response(self) -> orator_axum::axum::response::Response {
        match self {
            Self::Ok(body) => (orator_axum::http::StatusCode::OK, body).into_response(),
            Self::NotFound => orator_axum::http::StatusCode::NOT_FOUND.into_response(),
        }
    }
}
async fn handle_download_file<T, Ctx>(
    orator_axum::axum::extract::State(
        api,
    ): orator_axum::axum::extract::State<std::sync::Arc<T>>,
    ctx: Ctx,
) -> Result<DownloadFileResponse, T::Error>
where
    T: DefaultApi<Ctx>,
{
    api.download_file(ctx).await
}
impl orator_axum::axum::response::IntoResponse for UploadFileResponse {
    fn into_response(self) -> orator_axum::axum::response::Response {
        match self {
            Self::Ok => orator_axum::http::StatusCode::OK.into_response(),
            Self::BadRequest => {
                orator_axum::http::StatusCode::BAD_REQUEST.into_response()
            }
        }
    }
}
async fn handle_upload_file<T, Ctx>(
    orator_axum::axum::extract::State(
        api,
    ): orator_axum::axum::extract::State<std::sync::Arc<T>>,
    ctx: Ctx,
    body: orator_axum::axum::body::Bytes,
) -> Result<UploadFileResponse, T::Error>
where
    T: DefaultApi<Ctx>,
{
    api.upload_file(ctx, body).await
}
pub fn default_router<T, Ctx>(api: std::sync::Arc<T>) -> orator_axum::axum::Router
where
    T: DefaultApi<Ctx>,
    T::Error: orator_axum::axum::response::IntoResponse,
    Ctx: orator_axum::axum::extract::FromRequestParts<std::sync::Arc<T>> + Send
        + 'static,
{
    orator_axum::axum::Router::new()
        .route(
            "/download",
            orator_axum::axum::routing::get(handle_download_file::<T, Ctx>),
        )
        .route("/upload", orator_axum::axum::routing::post(handle_upload_file::<T, Ctx>))
        .with_state(api)
}
pub struct Missing;
pub struct Registered;
pub struct DefaultRouter(orator_axum::axum::Router);
impl DefaultRouter {
    pub fn new<T, Ctx>(api: std::sync::Arc<T>) -> Self
    where
        T: DefaultApi<Ctx>,
        T::Error: orator_axum::axum::response::IntoResponse,
        Ctx: orator_axum::axum::extract::FromRequestParts<std::sync::Arc<T>> + Send
            + 'static,
    {
        Self(default_router(api))
    }
    pub fn layer<L>(self, layer: L) -> Self
    where
        L: orator_axum::tower::Layer<orator_axum::axum::routing::Route> + Clone + Send
            + Sync + 'static,
        L::Service: orator_axum::tower::Service<
                orator_axum::axum::http::Request<orator_axum::axum::body::Body>,
            > + Clone + Send + Sync + 'static,
        <L::Service as orator_axum::tower::Service<
            orator_axum::axum::http::Request<orator_axum::axum::body::Body>,
        >>::Response: orator_axum::axum::response::IntoResponse + 'static,
        <L::Service as orator_axum::tower::Service<
            orator_axum::axum::http::Request<orator_axum::axum::body::Body>,
        >>::Error: Into<std::convert::Infallible> + 'static,
        <L::Service as orator_axum::tower::Service<
            orator_axum::axum::http::Request<orator_axum::axum::body::Body>,
        >>::Future: Send + 'static,
    {
        Self(self.0.layer(layer))
    }
}
pub struct ApiBuilder<DefaultState = Missing> {
    router: orator_axum::axum::Router,
    _phantom: std::marker::PhantomData<(DefaultState)>,
}
impl ApiBuilder {
    pub fn new() -> Self {
        Self {
            router: orator_axum::axum::Router::new(),
            _phantom: std::marker::PhantomData,
        }
    }
}
impl ApiBuilder<Missing> {
    pub fn default(self, router: DefaultRouter) -> ApiBuilder<Registered> {
        ApiBuilder {
            router: self.router.merge(router.0),
            _phantom: std::marker::PhantomData,
        }
    }
}
impl ApiBuilder<Registered> {
    pub fn build(self) -> orator_axum::axum::Router {
        self.router
    }
}
