---
source: crates/orator-axum-codegen/tests/codegen_axum.rs
expression: code
---
#![allow(dead_code, unused_imports, clippy::redundant_field_names)]
impl orator_axum::axum::response::IntoResponse for super::operations::LoginResponse {
    fn into_response(self) -> orator_axum::axum::response::Response {
        match self {
            Self::Ok(body) => {
                (orator_axum::http::StatusCode::OK, orator_axum::axum::Json(body))
                    .into_response()
            }
            Self::Unauthorized => {
                orator_axum::http::StatusCode::UNAUTHORIZED.into_response()
            }
        }
    }
}
async fn handle_login<T, Ctx>(
    orator_axum::axum::extract::State(
        api,
    ): orator_axum::axum::extract::State<std::sync::Arc<T>>,
    ctx: Ctx,
    orator_axum::axum::Form(body): orator_axum::axum::Form<super::types::LoginForm>,
) -> Result<super::operations::LoginResponse, T::Error>
where
    T: super::operations::DefaultApi<Ctx>,
{
    api.login(ctx, body).await
}
pub fn default_router<T, Ctx>(api: std::sync::Arc<T>) -> orator_axum::axum::Router
where
    T: super::operations::DefaultApi<Ctx>,
    T::Error: orator_axum::axum::response::IntoResponse,
    Ctx: orator_axum::axum::extract::FromRequestParts<std::sync::Arc<T>> + Send
        + 'static,
{
    orator_axum::axum::Router::new()
        .route("/login", orator_axum::axum::routing::post(handle_login::<T, Ctx>))
        .with_state(api)
}
pub struct Missing;
pub struct Registered;
pub struct DefaultRouter(orator_axum::axum::Router);
impl DefaultRouter {
    pub fn new<T, Ctx>(api: std::sync::Arc<T>) -> Self
    where
        T: super::operations::DefaultApi<Ctx>,
        T::Error: orator_axum::axum::response::IntoResponse,
        Ctx: orator_axum::axum::extract::FromRequestParts<std::sync::Arc<T>> + Send
            + 'static,
    {
        Self(default_router(api))
    }
    pub fn layer<L>(self, layer: L) -> Self
    where
        L: orator_axum::tower::Layer<orator_axum::axum::routing::Route> + Clone + Send
            + Sync + 'static,
        L::Service: orator_axum::tower::Service<
                orator_axum::axum::http::Request<orator_axum::axum::body::Body>,
            > + Clone + Send + Sync + 'static,
        <L::Service as orator_axum::tower::Service<
            orator_axum::axum::http::Request<orator_axum::axum::body::Body>,
        >>::Response: orator_axum::axum::response::IntoResponse + 'static,
        <L::Service as orator_axum::tower::Service<
            orator_axum::axum::http::Request<orator_axum::axum::body::Body>,
        >>::Error: Into<std::convert::Infallible> + 'static,
        <L::Service as orator_axum::tower::Service<
            orator_axum::axum::http::Request<orator_axum::axum::body::Body>,
        >>::Future: Send + 'static,
    {
        Self(self.0.layer(layer))
    }
}
pub struct ApiBuilder<DefaultState = Missing> {
    router: orator_axum::axum::Router,
    _phantom: std::marker::PhantomData<(DefaultState)>,
}
impl ApiBuilder {
    pub fn new() -> Self {
        Self {
            router: orator_axum::axum::Router::new(),
            _phantom: std::marker::PhantomData,
        }
    }
}
impl ApiBuilder<Missing> {
    pub fn default(self, router: DefaultRouter) -> ApiBuilder<Registered> {
        ApiBuilder {
            router: self.router.merge(router.0),
            _phantom: std::marker::PhantomData,
        }
    }
}
impl ApiBuilder<Registered> {
    pub fn build(self) -> orator_axum::axum::Router {
        self.router
    }
}
