---
source: crates/orator-core/tests/codegen_types.rs
expression: code
---
#![allow(dead_code, unused_imports)]
use orator_axum::serde;
#[derive(Debug, Clone, PartialEq, serde::Serialize, serde::Deserialize)]
#[serde(crate = "orator_axum::serde")]
#[serde(untagged)]
pub enum StringOrInt {
    String(String),
    I32(i32),
}
