---
source: crates/orator-core/tests/codegen_operations.rs
expression: code
---
pub enum ListBookingsResponse {
    Ok(Vec<Booking>),
    Unauthorized(Error),
}
pub trait BookingsApi<Ctx = ()>: Send + Sync + 'static {
    type Error: Send;
    fn list_bookings(
        &self,
        ctx: Ctx,
    ) -> impl std::future::Future<
        Output = Result<ListBookingsResponse, Self::Error>,
    > + Send;
}
pub enum ListCourtsResponse {
    Ok(Vec<Court>),
    Unauthorized(Error),
}
pub trait CourtsApi<Ctx = ()>: Send + Sync + 'static {
    type Error: Send;
    fn list_courts(
        &self,
        ctx: Ctx,
    ) -> impl std::future::Future<
        Output = Result<ListCourtsResponse, Self::Error>,
    > + Send;
}
pub enum ListMembersResponse {
    Ok(Vec<Member>),
    Unauthorized(Error),
}
#[derive(serde::Deserialize)]
pub struct ListMembersQuery {
    pub limit: Option<i32>,
    pub offset: Option<i32>,
}
pub enum CreateMemberResponse {
    Created(Member),
    UnprocessableEntity(Error),
}
pub enum GetMemberResponse {
    Ok(Member),
    NotFound(Error),
}
pub struct GetMemberPath {
    pub member_id: i64,
}
pub enum UpdateMemberResponse {
    Ok(Member),
    NotFound(Error),
}
pub struct UpdateMemberPath {
    pub member_id: i64,
}
pub enum DeleteMemberResponse {
    NoContent,
    NotFound(Error),
}
pub struct DeleteMemberPath {
    pub member_id: i64,
}
pub trait MembersApi<Ctx = ()>: Send + Sync + 'static {
    type Error: Send;
    fn list_members(
        &self,
        ctx: Ctx,
        query: ListMembersQuery,
    ) -> impl std::future::Future<
        Output = Result<ListMembersResponse, Self::Error>,
    > + Send;
    fn create_member(
        &self,
        ctx: Ctx,
        body: NewMember,
    ) -> impl std::future::Future<
        Output = Result<CreateMemberResponse, Self::Error>,
    > + Send;
    fn get_member(
        &self,
        ctx: Ctx,
        path: GetMemberPath,
    ) -> impl std::future::Future<
        Output = Result<GetMemberResponse, Self::Error>,
    > + Send;
    fn update_member(
        &self,
        ctx: Ctx,
        path: UpdateMemberPath,
        body: UpdateMember,
    ) -> impl std::future::Future<
        Output = Result<UpdateMemberResponse, Self::Error>,
    > + Send;
    fn delete_member(
        &self,
        ctx: Ctx,
        path: DeleteMemberPath,
    ) -> impl std::future::Future<
        Output = Result<DeleteMemberResponse, Self::Error>,
    > + Send;
}
