---
source: crates/orator-core/tests/codegen_operations.rs
expression: code
---
#![allow(dead_code, unused_imports, clippy::redundant_field_names)]
use orator_axum::serde;
/// Login with form credentials
#[derive(Debug)]
pub enum LoginResponse {
    /// Login successful
    Ok(super::types::Token),
    /// Invalid credentials
    Unauthorized,
}
pub trait DefaultApi<Ctx = ()>: Send + Sync + 'static {
    type Error: Send;
    /// Login with form credentials
    fn login(
        &self,
        ctx: Ctx,
        body: super::types::LoginForm,
    ) -> impl std::future::Future<Output = Result<LoginResponse, Self::Error>> + Send;
}
