---
source: crates/orator-core/tests/codegen_operations.rs
expression: code
---
#[allow(dead_code)]
pub enum ListMembersResponse {
    Ok(Vec<crate::Member>),
    Unauthorized(crate::Error),
}
#[allow(dead_code)]
pub struct ListMembersParams;
#[allow(dead_code)]
pub enum CreateMemberResponse {
    Created(crate::Member),
    UnprocessableEntity(crate::Error),
}
#[allow(dead_code)]
pub struct CreateMemberParams {
    pub body: crate::NewMember,
}
#[allow(dead_code)]
pub enum GetMemberResponse {
    Ok(crate::Member),
    NotFound(crate::Error),
}
#[allow(dead_code)]
pub struct GetMemberParams {
    pub member_id: i64,
}
#[allow(dead_code)]
pub enum UpdateMemberResponse {
    Ok(crate::Member),
    NotFound(crate::Error),
}
#[allow(dead_code)]
pub struct UpdateMemberParams {
    pub member_id: i64,
    pub body: crate::UpdateMember,
}
#[allow(dead_code)]
pub enum DeleteMemberResponse {
    NoContent,
    NotFound(crate::Error),
}
#[allow(dead_code)]
pub struct DeleteMemberParams {
    pub member_id: i64,
}
pub trait MembersApi<Ctx = ()>: Send + Sync + 'static {
    type Error: Send;
    fn list_members(
        &self,
        ctx: Ctx,
        params: ListMembersParams,
    ) -> impl std::future::Future<
        Output = Result<ListMembersResponse, Self::Error>,
    > + Send;
    fn create_member(
        &self,
        ctx: Ctx,
        params: CreateMemberParams,
    ) -> impl std::future::Future<
        Output = Result<CreateMemberResponse, Self::Error>,
    > + Send;
    fn get_member(
        &self,
        ctx: Ctx,
        params: GetMemberParams,
    ) -> impl std::future::Future<
        Output = Result<GetMemberResponse, Self::Error>,
    > + Send;
    fn update_member(
        &self,
        ctx: Ctx,
        params: UpdateMemberParams,
    ) -> impl std::future::Future<
        Output = Result<UpdateMemberResponse, Self::Error>,
    > + Send;
    fn delete_member(
        &self,
        ctx: Ctx,
        params: DeleteMemberParams,
    ) -> impl std::future::Future<
        Output = Result<DeleteMemberResponse, Self::Error>,
    > + Send;
}
