---
source: crates/orator-core/tests/lower_schemas.rs
expression: types
---
[
    TypeDef {
        name: "Strings",
        description: None,
        kind: Alias(
            Array(
                Primitive(
                    String,
                ),
            ),
        ),
    },
    TypeDef {
        name: "Tag",
        description: None,
        kind: Struct(
            StructDef {
                bases: [],
                fields: [
                    Field {
                        name: "name",
                        type_ref: Primitive(
                            String,
                        ),
                        required: true,
                        description: None,
                    },
                ],
                deny_unknown_fields: false,
            },
        ),
    },
    TypeDef {
        name: "Tags",
        description: None,
        kind: Alias(
            Array(
                Named(
                    "Tag",
                ),
            ),
        ),
    },
]
