---
source: crates/orator-core/tests/lower_schemas.rs
expression: types
---
[
    TypeDef {
        name: "Address",
        description: None,
        kind: Struct(
            StructDef {
                bases: [],
                fields: [
                    Field {
                        name: "street",
                        type_ref: Primitive(
                            String,
                        ),
                        required: true,
                        description: None,
                    },
                ],
                deny_unknown_fields: false,
            },
        ),
    },
    TypeDef {
        name: "Person",
        description: None,
        kind: Struct(
            StructDef {
                bases: [],
                fields: [
                    Field {
                        name: "address",
                        type_ref: Option(
                            Named(
                                "Address",
                            ),
                        ),
                        required: false,
                        description: None,
                    },
                    Field {
                        name: "name",
                        type_ref: Primitive(
                            String,
                        ),
                        required: true,
                        description: None,
                    },
                ],
                deny_unknown_fields: false,
            },
        ),
    },
]
